[2026-05-19 14:29:49 UTC] ════════════════════════════════════════════════════════════
[2026-05-19 14:29:49 UTC] Iniciando atualização do OFICIAL…
[2026-05-19 14:29:49 UTC] Tentando fonte: worldcupjson.net…
[2026-05-19 14:29:50 UTC]   ✔ 64 jogo(s) encontrado(s).
[2026-05-19 14:29:50 UTC] ✔ 0 jogo(s) atualizado(s) em data/bolao.json
[2026-05-19 14:29:50 UTC] ⚠  64 jogo(s) não reconhecido(s):
[2026-05-19 14:29:50 UTC]    - Jogo não encontrado no bolão: Catar x Equador
[2026-05-19 14:29:50 UTC]    - Jogo não encontrado no bolão: Inglaterra x Irã
[2026-05-19 14:29:50 UTC]    - Jogo não encontrado no bolão: Senegal x Países Baixos
[2026-05-19 14:29:50 UTC]    - Time não mapeado (away): 'Wales'
[2026-05-19 14:29:50 UTC]    - Jogo não encontrado no bolão: Argentina x Arábia Saudita
[2026-05-19 14:29:50 UTC]    - Time não mapeado (home): 'Denmark'
[2026-05-19 14:29:50 UTC]    - Time não mapeado (away): 'Poland'
[2026-05-19 14:29:50 UTC]    - Jogo não encontrado no bolão: França x Austrália
[2026-05-19 14:29:50 UTC]    - Jogo não encontrado no bolão: Marrocos x Croácia
[2026-05-19 14:29:50 UTC]    - Jogo não encontrado no bolão: Alemanha x Japão
[2026-05-19 14:29:50 UTC]    - Time não mapeado (away): 'Costa Rica'
[2026-05-19 14:29:50 UTC]    - Jogo não encontrado no bolão: Bélgica x Canadá
[2026-05-19 14:29:50 UTC]    - Time não mapeado (away): 'Cameroon'
[2026-05-19 14:29:50 UTC]    - Jogo não encontrado no bolão: Uruguai x Coreia do Sul
[2026-05-19 14:29:50 UTC]    - Jogo não encontrado no bolão: Portugal x Gana
[2026-05-19 14:29:50 UTC]    - Time não mapeado (away): 'Serbia'
[2026-05-19 14:29:50 UTC]    - Time não mapeado (home): 'Wales'
[2026-05-19 14:29:50 UTC]    - Jogo não encontrado no bolão: Catar x Senegal
[2026-05-19 14:29:50 UTC]    - Jogo não encontrado no bolão: Países Baixos x Equador
[2026-05-19 14:29:50 UTC]    - Jogo não encontrado no bolão: Inglaterra x EUA
[2026-05-19 14:29:50 UTC]    - Jogo não encontrado no bolão: Tunísia x Austrália
[2026-05-19 14:29:50 UTC]    - Time não mapeado (home): 'Poland'
[2026-05-19 14:29:50 UTC]    - Time não mapeado (away): 'Denmark'
[2026-05-19 14:29:50 UTC]    - Jogo não encontrado no bolão: Argentina x México
[2026-05-19 14:29:50 UTC]    - Time não mapeado (away): 'Costa Rica'
[2026-05-19 14:29:50 UTC]    - Jogo não encontrado no bolão: Bélgica x Marrocos
[2026-05-19 14:29:50 UTC]    - Jogo não encontrado no bolão: Croácia x Canadá
[2026-05-19 14:29:50 UTC]    - Jogo não encontrado no bolão: Espanha x Alemanha
[2026-05-19 14:29:50 UTC]    - Time não mapeado (home): 'Cameroon'
[2026-05-19 14:29:50 UTC]    - Jogo não encontrado no bolão: Coreia do Sul x Gana
[2026-05-19 14:29:50 UTC]    - Jogo não encontrado no bolão: Brasil x Suíça
[2026-05-19 14:29:50 UTC]    - Jogo não encontrado no bolão: Portugal x Uruguai
[2026-05-19 14:29:50 UTC]    - Jogo não encontrado no bolão: Países Baixos x Catar
[2026-05-19 14:29:50 UTC]    - Jogo não encontrado no bolão: Equador x Senegal
[2026-05-19 14:29:50 UTC]    - Time não mapeado (home): 'Wales'
[2026-05-19 14:29:50 UTC]    - Jogo não encontrado no bolão: Irã x EUA
[2026-05-19 14:29:50 UTC]    - Jogo não encontrado no bolão: Tunísia x França
[2026-05-19 14:29:50 UTC]    - Time não mapeado (away): 'Denmark'
[2026-05-19 14:29:50 UTC]    - Jogo não encontrado no bolão: Arábia Saudita x México
[2026-05-19 14:29:50 UTC]    - Time não mapeado (home): 'Poland'
[2026-05-19 14:29:50 UTC]    - Jogo não encontrado no bolão: Croácia x Bélgica
[2026-05-19 14:29:50 UTC]    - Jogo não encontrado no bolão: Canadá x Marrocos
[2026-05-19 14:29:50 UTC]    - Jogo não encontrado no bolão: Japão x Espanha
[2026-05-19 14:29:50 UTC]    - Time não mapeado (home): 'Costa Rica'
[2026-05-19 14:29:50 UTC]    - Jogo não encontrado no bolão: Gana x Uruguai
[2026-05-19 14:29:50 UTC]    - Jogo não encontrado no bolão: Coreia do Sul x Portugal
[2026-05-19 14:29:50 UTC]    - Time não mapeado (home): 'Cameroon'
[2026-05-19 14:29:50 UTC]    - Time não mapeado (home): 'Serbia'
[2026-05-19 14:29:50 UTC]    - Jogo não encontrado no bolão: Países Baixos x EUA
[2026-05-19 14:29:50 UTC]    - Jogo não encontrado no bolão: Argentina x Austrália
[2026-05-19 14:29:50 UTC]    - Time não mapeado (away): 'Poland'
[2026-05-19 14:29:50 UTC]    - Jogo não encontrado no bolão: Inglaterra x Senegal
[2026-05-19 14:29:50 UTC]    - Jogo não encontrado no bolão: Japão x Croácia
[2026-05-19 14:29:50 UTC]    - Jogo não encontrado no bolão: Brasil x Coreia do Sul
[2026-05-19 14:29:51 UTC]    - Jogo não encontrado no bolão: Marrocos x Espanha
[2026-05-19 14:29:51 UTC]    - Jogo não encontrado no bolão: Portugal x Suíça
[2026-05-19 14:29:51 UTC]    - Jogo não encontrado no bolão: Croácia x Brasil
[2026-05-19 14:29:51 UTC]    - Jogo não encontrado no bolão: Países Baixos x Argentina
[2026-05-19 14:29:51 UTC]    - Jogo não encontrado no bolão: Marrocos x Portugal
[2026-05-19 14:29:51 UTC]    - Jogo não encontrado no bolão: Inglaterra x França
[2026-05-19 14:29:51 UTC]    - Jogo não encontrado no bolão: Argentina x Croácia
[2026-05-19 14:29:51 UTC]    - Jogo não encontrado no bolão: França x Marrocos
[2026-05-19 14:29:51 UTC]    - Jogo não encontrado no bolão: Croácia x Marrocos
[2026-05-19 14:29:51 UTC]    - Jogo não encontrado no bolão: Argentina x França
[2026-05-19 14:29:51 UTC] Concluído.
